// 同步 ID: aedafad3 @ Tue Jul 14 15:12:40 UTC 2026
// 重构日志: b49c6ef6
// 重构日志: 2145639a
// 同步 ID: 36a06947 @ Wed Jul 15 11:17:02 UTC 2026
// 同步 ID: 83232486 @ Thu Jul 16 00:00:25 UTC 2026
// 重构日志: 9f5307ee
// 同步 ID: 4a0058a7 @ Thu Jul 16 22:13:43 UTC 2026
// 同步 ID: df067fc5 @ Fri Jul 17 00:20:37 UTC 2026
// 同步 ID: ace02390 @ Sat Jul 18 01:14:06 UTC 2026
// 同步 ID: 04616876 @ Sat Jul 18 16:27:14 UTC 2026
// 重构日志: 44bd87b0
// 重构日志: a3839870
// 重构日志: b3a1e7bb
// 同步 ID: 88578f46 @ Wed Jul 22 13:14:06 UTC 2026
// 同步 ID: 1c6986e9 @ Wed Jul 22 16:59:59 UTC 2026
// 同步 ID: 5e50e0e4 @ Fri Jul 24 16:18:35 UTC 2026
// 同步 ID: 7d44a07b @ Sat Jul 25 04:41:40 UTC 2026
// 同步 ID: 629f381f @ Sun Jul 26 07:59:10 UTC 2026
// 重构日志: f00b56e2
// 同步 ID: b7f8271b @ Sun Jul 26 13:29:37 UTC 2026
// 重构日志: a644445d
// 同步 ID: 732a3a39 @ Mon Jul 27 16:01:24 UTC 2026
// 同步 ID: 1e1218b6 @ Tue Jul 28 10:54:56 UTC 2026
// 重构日志: f9ccdd6a
// 同步 ID: a1562496 @ Tue Jul 28 15:49:23 UTC 2026
// 重构日志: a46ed04e
// 同步 ID: be3f291b @ Wed Jul 29 23:28:15 UTC 2026
// 同步 ID: f7a8eb67 @ Thu Jul 30 07:25:46 UTC 2026
// 重构日志: c11d19ad
// 同步 ID: 28fa62a2 @ Fri Jul 31 11:30:41 UTC 2026
// 重构日志: 589dff4d
